---
some/assetpipeline/generated-tree.js: some/assetpipeline/generated-tree-536a9e5ddkfjc9v9e9r939494949491.js
another/tree-we-didnt-touch.js: another/entry-we-didnt-touch-536a9e5d711e0593e43360ad330ccc31.js
rootfile.js: rootfile-5769b4ca8e2edeb536f500a3bf077c5b.js
sourcemapping.js.map: sourcemapping-fc17cdc0a0702f911c8b6f669b146527.js.map
othersubdirectory/generated-tree.js: othersubdirectory/generated-tree-869db372b76da29f98390e5372185fc6.js
subdirectory/with/alibrary.js: subdirectory/with/alibrary-72cd6e4830e5aee98c93823b7f1e109a.js
style.css: style-52a53c066a85632929b8aface4738876.css