---
rootfile.js: rootfile-a5a14aa0f19b8fe989f3b79fc72b9b36.js
sourcemapping.js.map: sourcemapping-365b31e16181703b506e90b57f95b568.js.map
othersubdirectory/generated-tree.js: othersubdirectory/generated-tree-b18a639779d70d2adeda97f7d678882d.js
subdirectory/with/alibrary.js: subdirectory/with/alibrary-c13570de9d906f67162b4f7d6ca5a55e.js
style.css: style-1fd9137f040f2440d26da164c65e7f66.css